// Vitest Snapshot v1, https://vitest.dev/guide/snapshot.html

exports[`Tests for Alert (simulated) > get a snapshot of component 1`] = `
"
        <div class="alert-container" data-testid="alert-container">
          <div class="alert-wrapper alert-info" role="alert">
            <div class="alert-icon">
                <span class="alert-icon-info"></span>
              </div>
            <div class="alert-content">
              <div class="alert-title">Simple Info</div>
              <div class="alert-description">An info description</div>
            </div>
            
          </div>
        </div>
      "
`;
