// Vitest Snapshot v1, https://vitest.dev/guide/snapshot.html

exports[`Tests for ProgressBar (simulated) > get a snapshot of component 1`] = `
"
      <div class="progress-container" data-testid="progress-bar">
        <div class="progress-label-outside">This is a test</div>
        <div class="progress-bar-container">
          <div class="progress-bar" style="width: 52%; background-color: #733635;" role="progressbar" aria-valuenow="52" aria-valuemin="0" aria-valuemax="100">
            <span class="progress-label-inside">52%</span>
          </div>
        </div>
      </div>
    "
`;
